Archive member included to satisfy reference by file (symbol)

c:/st/stm32cubeide_1.3.0/stm32cubeide/plugins/com.st.stm32cube.ide.mcu.externaltools.gnu-tools-for-stm32.7-2018-q2-update.win32_1.0.0.201904181610/tools/bin/../lib/gcc/arm-none-eabi/7.3.1/../../../../arm-none-eabi/lib/thumb/v7e-m\libc_nano.a(lib_a-errno.o)
                              Src/syscalls.o (__errno)
c:/st/stm32cubeide_1.3.0/stm32cubeide/plugins/com.st.stm32cube.ide.mcu.externaltools.gnu-tools-for-stm32.7-2018-q2-update.win32_1.0.0.201904181610/tools/bin/../lib/gcc/arm-none-eabi/7.3.1/../../../../arm-none-eabi/lib/thumb/v7e-m\libc_nano.a(lib_a-exit.o)
                              c:/st/stm32cubeide_1.3.0/stm32cubeide/plugins/com.st.stm32cube.ide.mcu.externaltools.gnu-tools-for-stm32.7-2018-q2-update.win32_1.0.0.201904181610/tools/bin/../lib/gcc/arm-none-eabi/7.3.1/../../../../arm-none-eabi/lib/thumb/v7e-m/crt0.o (exit)
c:/st/stm32cubeide_1.3.0/stm32cubeide/plugins/com.st.stm32cube.ide.mcu.externaltools.gnu-tools-for-stm32.7-2018-q2-update.win32_1.0.0.201904181610/tools/bin/../lib/gcc/arm-none-eabi/7.3.1/../../../../arm-none-eabi/lib/thumb/v7e-m\libc_nano.a(lib_a-impure.o)
                              c:/st/stm32cubeide_1.3.0/stm32cubeide/plugins/com.st.stm32cube.ide.mcu.externaltools.gnu-tools-for-stm32.7-2018-q2-update.win32_1.0.0.201904181610/tools/bin/../lib/gcc/arm-none-eabi/7.3.1/../../../../arm-none-eabi/lib/thumb/v7e-m\libc_nano.a(lib_a-exit.o) (_global_impure_ptr)
c:/st/stm32cubeide_1.3.0/stm32cubeide/plugins/com.st.stm32cube.ide.mcu.externaltools.gnu-tools-for-stm32.7-2018-q2-update.win32_1.0.0.201904181610/tools/bin/../lib/gcc/arm-none-eabi/7.3.1/../../../../arm-none-eabi/lib/thumb/v7e-m\libc_nano.a(lib_a-init.o)
                              c:/st/stm32cubeide_1.3.0/stm32cubeide/plugins/com.st.stm32cube.ide.mcu.externaltools.gnu-tools-for-stm32.7-2018-q2-update.win32_1.0.0.201904181610/tools/bin/../lib/gcc/arm-none-eabi/7.3.1/../../../../arm-none-eabi/lib/thumb/v7e-m/crt0.o (__libc_init_array)
c:/st/stm32cubeide_1.3.0/stm32cubeide/plugins/com.st.stm32cube.ide.mcu.externaltools.gnu-tools-for-stm32.7-2018-q2-update.win32_1.0.0.201904181610/tools/bin/../lib/gcc/arm-none-eabi/7.3.1/../../../../arm-none-eabi/lib/thumb/v7e-m\libc_nano.a(lib_a-memset.o)
                              c:/st/stm32cubeide_1.3.0/stm32cubeide/plugins/com.st.stm32cube.ide.mcu.externaltools.gnu-tools-for-stm32.7-2018-q2-update.win32_1.0.0.201904181610/tools/bin/../lib/gcc/arm-none-eabi/7.3.1/../../../../arm-none-eabi/lib/thumb/v7e-m/crt0.o (memset)

Allocating common symbols
Common symbol       size              file

rcv_buff            0x20              Src/01I2C_Master_Rx_testing.o
I2C1_Handle         0xc               Src/01I2C_Master_Rx_testing.o
Command_Code        0x1               Src/01I2C_Master_Rx_testing.o
len                 0x1               Src/01I2C_Master_Rx_testing.o

Discarded input sections

 .text          0x0000000000000000        0x0 c:/st/stm32cubeide_1.3.0/stm32cubeide/plugins/com.st.stm32cube.ide.mcu.externaltools.gnu-tools-for-stm32.7-2018-q2-update.win32_1.0.0.201904181610/tools/bin/../lib/gcc/arm-none-eabi/7.3.1/thumb/v7e-m/crti.o
 .data          0x0000000000000000        0x0 c:/st/stm32cubeide_1.3.0/stm32cubeide/plugins/com.st.stm32cube.ide.mcu.externaltools.gnu-tools-for-stm32.7-2018-q2-update.win32_1.0.0.201904181610/tools/bin/../lib/gcc/arm-none-eabi/7.3.1/thumb/v7e-m/crti.o
 .bss           0x0000000000000000        0x0 c:/st/stm32cubeide_1.3.0/stm32cubeide/plugins/com.st.stm32cube.ide.mcu.externaltools.gnu-tools-for-stm32.7-2018-q2-update.win32_1.0.0.201904181610/tools/bin/../lib/gcc/arm-none-eabi/7.3.1/thumb/v7e-m/crti.o
 .data          0x0000000000000000        0x4 c:/st/stm32cubeide_1.3.0/stm32cubeide/plugins/com.st.stm32cube.ide.mcu.externaltools.gnu-tools-for-stm32.7-2018-q2-update.win32_1.0.0.201904181610/tools/bin/../lib/gcc/arm-none-eabi/7.3.1/thumb/v7e-m/crtbegin.o
 .text          0x0000000000000000       0x74 c:/st/stm32cubeide_1.3.0/stm32cubeide/plugins/com.st.stm32cube.ide.mcu.externaltools.gnu-tools-for-stm32.7-2018-q2-update.win32_1.0.0.201904181610/tools/bin/../lib/gcc/arm-none-eabi/7.3.1/../../../../arm-none-eabi/lib/thumb/v7e-m/crt0.o
 .data          0x0000000000000000        0x0 c:/st/stm32cubeide_1.3.0/stm32cubeide/plugins/com.st.stm32cube.ide.mcu.externaltools.gnu-tools-for-stm32.7-2018-q2-update.win32_1.0.0.201904181610/tools/bin/../lib/gcc/arm-none-eabi/7.3.1/../../../../arm-none-eabi/lib/thumb/v7e-m/crt0.o
 .bss           0x0000000000000000        0x0 c:/st/stm32cubeide_1.3.0/stm32cubeide/plugins/com.st.stm32cube.ide.mcu.externaltools.gnu-tools-for-stm32.7-2018-q2-update.win32_1.0.0.201904181610/tools/bin/../lib/gcc/arm-none-eabi/7.3.1/../../../../arm-none-eabi/lib/thumb/v7e-m/crt0.o
 .ARM.extab     0x0000000000000000        0x0 c:/st/stm32cubeide_1.3.0/stm32cubeide/plugins/com.st.stm32cube.ide.mcu.externaltools.gnu-tools-for-stm32.7-2018-q2-update.win32_1.0.0.201904181610/tools/bin/../lib/gcc/arm-none-eabi/7.3.1/../../../../arm-none-eabi/lib/thumb/v7e-m/crt0.o
 .ARM.exidx     0x0000000000000000        0x8 c:/st/stm32cubeide_1.3.0/stm32cubeide/plugins/com.st.stm32cube.ide.mcu.externaltools.gnu-tools-for-stm32.7-2018-q2-update.win32_1.0.0.201904181610/tools/bin/../lib/gcc/arm-none-eabi/7.3.1/../../../../arm-none-eabi/lib/thumb/v7e-m/crt0.o
 .ARM.attributes
                0x0000000000000000       0x1c c:/st/stm32cubeide_1.3.0/stm32cubeide/plugins/com.st.stm32cube.ide.mcu.externaltools.gnu-tools-for-stm32.7-2018-q2-update.win32_1.0.0.201904181610/tools/bin/../lib/gcc/arm-none-eabi/7.3.1/../../../../arm-none-eabi/lib/thumb/v7e-m/crt0.o
 .group         0x0000000000000000        0xc Src/01I2C_Master_Rx_testing.o
 .group         0x0000000000000000        0xc Src/01I2C_Master_Rx_testing.o
 .group         0x0000000000000000        0xc Src/01I2C_Master_Rx_testing.o
 .group         0x0000000000000000        0xc Src/01I2C_Master_Rx_testing.o
 .group         0x0000000000000000        0xc Src/01I2C_Master_Rx_testing.o
 .group         0x0000000000000000        0xc Src/01I2C_Master_Rx_testing.o
 .group         0x0000000000000000        0xc Src/01I2C_Master_Rx_testing.o
 .group         0x0000000000000000        0xc Src/01I2C_Master_Rx_testing.o
 .group         0x0000000000000000        0xc Src/01I2C_Master_Rx_testing.o
 .group         0x0000000000000000        0xc Src/01I2C_Master_Rx_testing.o
 .group         0x0000000000000000        0xc Src/01I2C_Master_Rx_testing.o
 .group         0x0000000000000000        0xc Src/01I2C_Master_Rx_testing.o
 .group         0x0000000000000000        0xc Src/01I2C_Master_Rx_testing.o
 .group         0x0000000000000000        0xc Src/01I2C_Master_Rx_testing.o
 .group         0x0000000000000000        0xc Src/01I2C_Master_Rx_testing.o
 .group         0x0000000000000000        0xc Src/01I2C_Master_Rx_testing.o
 .group         0x0000000000000000        0xc Src/01I2C_Master_Rx_testing.o
 .group         0x0000000000000000        0xc Src/01I2C_Master_Rx_testing.o
 .group         0x0000000000000000        0xc Src/01I2C_Master_Rx_testing.o
 .group         0x0000000000000000        0xc Src/01I2C_Master_Rx_testing.o
 .group         0x0000000000000000        0xc Src/01I2C_Master_Rx_testing.o
 .group         0x0000000000000000        0xc Src/01I2C_Master_Rx_testing.o
 .group         0x0000000000000000        0xc Src/01I2C_Master_Rx_testing.o
 .group         0x0000000000000000        0xc Src/01I2C_Master_Rx_testing.o
 .group         0x0000000000000000        0xc Src/01I2C_Master_Rx_testing.o
 .group         0x0000000000000000        0xc Src/01I2C_Master_Rx_testing.o
 .text          0x0000000000000000        0x0 Src/01I2C_Master_Rx_testing.o
 .data          0x0000000000000000        0x0 Src/01I2C_Master_Rx_testing.o
 .bss           0x0000000000000000        0x0 Src/01I2C_Master_Rx_testing.o
 .group         0x0000000000000000        0xc Src/syscalls.o
 .group         0x0000000000000000        0xc Src/syscalls.o
 .group         0x0000000000000000        0xc Src/syscalls.o
 .group         0x0000000000000000        0xc Src/syscalls.o
 .group         0x0000000000000000        0xc Src/syscalls.o
 .group         0x0000000000000000        0xc Src/syscalls.o
 .group         0x0000000000000000        0xc Src/syscalls.o
 .group         0x0000000000000000        0xc Src/syscalls.o
 .group         0x0000000000000000        0xc Src/syscalls.o
 .group         0x0000000000000000        0xc Src/syscalls.o
 .group         0x0000000000000000        0xc Src/syscalls.o
 .group         0x0000000000000000        0xc Src/syscalls.o
 .group         0x0000000000000000        0xc Src/syscalls.o
 .group         0x0000000000000000        0xc Src/syscalls.o
 .group         0x0000000000000000        0xc Src/syscalls.o
 .group         0x0000000000000000        0xc Src/syscalls.o
 .group         0x0000000000000000        0xc Src/syscalls.o
 .group         0x0000000000000000        0xc Src/syscalls.o
 .group         0x0000000000000000        0xc Src/syscalls.o
 .group         0x0000000000000000        0xc Src/syscalls.o
 .group         0x0000000000000000        0xc Src/syscalls.o
 .group         0x0000000000000000        0xc Src/syscalls.o
 .group         0x0000000000000000        0xc Src/syscalls.o
 .group         0x0000000000000000        0xc Src/syscalls.o
 .group         0x0000000000000000        0xc Src/syscalls.o
 .group         0x0000000000000000        0xc Src/syscalls.o
 .group         0x0000000000000000        0xc Src/syscalls.o
 .group         0x0000000000000000        0xc Src/syscalls.o
 .group         0x0000000000000000        0xc Src/syscalls.o
 .group         0x0000000000000000        0xc Src/syscalls.o
 .group         0x0000000000000000        0xc Src/syscalls.o
 .group         0x0000000000000000        0xc Src/syscalls.o
 .group         0x0000000000000000        0xc Src/syscalls.o
 .group         0x0000000000000000        0xc Src/syscalls.o
 .group         0x0000000000000000        0xc Src/syscalls.o
 .group         0x0000000000000000        0xc Src/syscalls.o
 .group         0x0000000000000000        0xc Src/syscalls.o
 .group         0x0000000000000000        0xc Src/syscalls.o
 .group         0x0000000000000000        0xc Src/syscalls.o
 .group         0x0000000000000000        0xc Src/syscalls.o
 .group         0x0000000000000000        0xc Src/syscalls.o
 .group         0x0000000000000000        0xc Src/syscalls.o
 .group         0x0000000000000000        0xc Src/syscalls.o
 .group         0x0000000000000000        0xc Src/syscalls.o
 .text          0x0000000000000000        0x0 Src/syscalls.o
 .data          0x0000000000000000        0x0 Src/syscalls.o
 .bss           0x0000000000000000        0x0 Src/syscalls.o
 .bss.__env     0x0000000000000000        0x4 Src/syscalls.o
 .data.environ  0x0000000000000000        0x4 Src/syscalls.o
 .text.initialise_monitor_handles
                0x0000000000000000        0xc Src/syscalls.o
 .text._getpid  0x0000000000000000        0xe Src/syscalls.o
 .text._kill    0x0000000000000000       0x20 Src/syscalls.o
 .text._exit    0x0000000000000000       0x14 Src/syscalls.o
 .text._read    0x0000000000000000       0x3a Src/syscalls.o
 .text._write   0x0000000000000000       0x38 Src/syscalls.o
 .text._close   0x0000000000000000       0x16 Src/syscalls.o
 .text._fstat   0x0000000000000000       0x1e Src/syscalls.o
 .text._isatty  0x0000000000000000       0x14 Src/syscalls.o
 .text._lseek   0x0000000000000000       0x18 Src/syscalls.o
 .text._open    0x0000000000000000       0x1a Src/syscalls.o
 .text._wait    0x0000000000000000       0x1e Src/syscalls.o
 .text._unlink  0x0000000000000000       0x1e Src/syscalls.o
 .text._times   0x0000000000000000       0x16 Src/syscalls.o
 .text._stat    0x0000000000000000       0x1e Src/syscalls.o
 .text._link    0x0000000000000000       0x20 Src/syscalls.o
 .text._fork    0x0000000000000000       0x16 Src/syscalls.o
 .text._execve  0x0000000000000000       0x22 Src/syscalls.o
 .debug_info    0x0000000000000000      0xebd Src/syscalls.o
 .debug_abbrev  0x0000000000000000      0x261 Src/syscalls.o
 .debug_aranges
                0x0000000000000000       0xa8 Src/syscalls.o
 .debug_ranges  0x0000000000000000       0x98 Src/syscalls.o
 .debug_macro   0x0000000000000000      0x243 Src/syscalls.o
 .debug_macro   0x0000000000000000      0xa60 Src/syscalls.o
 .debug_macro   0x0000000000000000       0x22 Src/syscalls.o
 .debug_macro   0x0000000000000000       0x40 Src/syscalls.o
 .debug_macro   0x0000000000000000       0x18 Src/syscalls.o
 .debug_macro   0x0000000000000000       0x94 Src/syscalls.o
 .debug_macro   0x0000000000000000       0x3c Src/syscalls.o
 .debug_macro   0x0000000000000000       0x34 Src/syscalls.o
 .debug_macro   0x0000000000000000       0x57 Src/syscalls.o
 .debug_macro   0x0000000000000000      0x174 Src/syscalls.o
 .debug_macro   0x0000000000000000      0x330 Src/syscalls.o
 .debug_macro   0x0000000000000000       0x52 Src/syscalls.o
 .debug_macro   0x0000000000000000       0x1f Src/syscalls.o
 .debug_macro   0x0000000000000000       0x43 Src/syscalls.o
 .debug_macro   0x0000000000000000       0x20 Src/syscalls.o
 .debug_macro   0x0000000000000000      0x1a3 Src/syscalls.o
 .debug_macro   0x0000000000000000       0x10 Src/syscalls.o
 .debug_macro   0x0000000000000000       0x35 Src/syscalls.o
 .debug_macro   0x0000000000000000       0x10 Src/syscalls.o
 .debug_macro   0x0000000000000000       0x10 Src/syscalls.o
 .debug_macro   0x0000000000000000       0x10 Src/syscalls.o
 .debug_macro   0x0000000000000000       0x6a Src/syscalls.o
 .debug_macro   0x0000000000000000       0x1c Src/syscalls.o
 .debug_macro   0x0000000000000000       0x52 Src/syscalls.o
 .debug_macro   0x0000000000000000       0x40 Src/syscalls.o
 .debug_macro   0x0000000000000000       0x10 Src/syscalls.o
 .debug_macro   0x0000000000000000       0x40 Src/syscalls.o
 .debug_macro   0x0000000000000000       0xd7 Src/syscalls.o
 .debug_macro   0x0000000000000000       0x1c Src/syscalls.o
 .debug_macro   0x0000000000000000       0x3d Src/syscalls.o
 .debug_macro   0x0000000000000000       0x35 Src/syscalls.o
 .debug_macro   0x0000000000000000      0x122 Src/syscalls.o
 .debug_macro   0x0000000000000000       0x16 Src/syscalls.o
 .debug_macro   0x0000000000000000       0x16 Src/syscalls.o
 .debug_macro   0x0000000000000000       0x29 Src/syscalls.o
 .debug_macro   0x0000000000000000       0x10 Src/syscalls.o
 .debug_macro   0x0000000000000000      0x241 Src/syscalls.o
 .debug_macro   0x0000000000000000       0x1c Src/syscalls.o
 .debug_macro   0x0000000000000000       0x10 Src/syscalls.o
 .debug_macro   0x0000000000000000       0x10 Src/syscalls.o
 .debug_macro   0x0000000000000000       0x16 Src/syscalls.o
 .debug_macro   0x0000000000000000      0x145 Src/syscalls.o
 .debug_macro   0x0000000000000000      0x189 Src/syscalls.o
 .debug_macro   0x0000000000000000       0x16 Src/syscalls.o
 .debug_macro   0x0000000000000000       0x88 Src/syscalls.o
 .debug_line    0x0000000000000000      0x739 Src/syscalls.o
 .debug_str     0x0000000000000000     0x886f Src/syscalls.o
 .comment       0x0000000000000000       0x7c Src/syscalls.o
 .debug_frame   0x0000000000000000      0x2ac Src/syscalls.o
 .ARM.attributes
                0x0000000000000000       0x33 Src/syscalls.o
 .group         0x0000000000000000        0xc Src/sysmem.o
 .group         0x0000000000000000        0xc Src/sysmem.o
 .group         0x0000000000000000        0xc Src/sysmem.o
 .group         0x0000000000000000        0xc Src/sysmem.o
 .group         0x0000000000000000        0xc Src/sysmem.o
 .group         0x0000000000000000        0xc Src/sysmem.o
 .group         0x0000000000000000        0xc Src/sysmem.o
 .group         0x0000000000000000        0xc Src/sysmem.o
 .group         0x0000000000000000        0xc Src/sysmem.o
 .group         0x0000000000000000        0xc Src/sysmem.o
 .group         0x0000000000000000        0xc Src/sysmem.o
 .group         0x0000000000000000        0xc Src/sysmem.o
 .group         0x0000000000000000        0xc Src/sysmem.o
 .group         0x0000000000000000        0xc Src/sysmem.o
 .group         0x0000000000000000        0xc Src/sysmem.o
 .group         0x0000000000000000        0xc Src/sysmem.o
 .group         0x0000000000000000        0xc Src/sysmem.o
 .group         0x0000000000000000        0xc Src/sysmem.o
 .group         0x0000000000000000        0xc Src/sysmem.o
 .group         0x0000000000000000        0xc Src/sysmem.o
 .group         0x0000000000000000        0xc Src/sysmem.o
 .group         0x0000000000000000        0xc Src/sysmem.o
 .group         0x0000000000000000        0xc Src/sysmem.o
 .group         0x0000000000000000        0xc Src/sysmem.o
 .group         0x0000000000000000        0xc Src/sysmem.o
 .group         0x0000000000000000        0xc Src/sysmem.o
 .group         0x0000000000000000        0xc Src/sysmem.o
 .group         0x0000000000000000        0xc Src/sysmem.o
 .group         0x0000000000000000        0xc Src/sysmem.o
 .group         0x0000000000000000        0xc Src/sysmem.o
 .group         0x0000000000000000        0xc Src/sysmem.o
 .group         0x0000000000000000        0xc Src/sysmem.o
 .text          0x0000000000000000        0x0 Src/sysmem.o
 .data          0x0000000000000000        0x0 Src/sysmem.o
 .bss           0x0000000000000000        0x0 Src/sysmem.o
 .bss.heap_end.5149
                0x0000000000000000        0x4 Src/sysmem.o
 .text._sbrk    0x0000000000000000       0x58 Src/sysmem.o
 .debug_info    0x0000000000000000      0x91c Src/sysmem.o
 .debug_abbrev  0x0000000000000000      0x1bb Src/sysmem.o
 .debug_aranges
                0x0000000000000000       0x20 Src/sysmem.o
 .debug_ranges  0x0000000000000000       0x10 Src/sysmem.o
 .debug_macro   0x0000000000000000      0x1ae Src/sysmem.o
 .debug_macro   0x0000000000000000      0xa60 Src/sysmem.o
 .debug_macro   0x0000000000000000       0x10 Src/sysmem.o
 .debug_macro   0x0000000000000000       0x22 Src/sysmem.o
 .debug_macro   0x0000000000000000       0x40 Src/sysmem.o
 .debug_macro   0x0000000000000000       0x18 Src/sysmem.o
 .debug_macro   0x0000000000000000       0x94 Src/sysmem.o
 .debug_macro   0x0000000000000000       0x3c Src/sysmem.o
 .debug_macro   0x0000000000000000       0x34 Src/sysmem.o
 .debug_macro   0x0000000000000000      0x174 Src/sysmem.o
 .debug_macro   0x0000000000000000       0x57 Src/sysmem.o
 .debug_macro   0x0000000000000000       0x52 Src/sysmem.o
 .debug_macro   0x0000000000000000       0x1f Src/sysmem.o
 .debug_macro   0x0000000000000000       0x43 Src/sysmem.o
 .debug_macro   0x0000000000000000       0x20 Src/sysmem.o
 .debug_macro   0x0000000000000000      0x1a3 Src/sysmem.o
 .debug_macro   0x0000000000000000      0x23b Src/sysmem.o
 .debug_macro   0x0000000000000000       0x16 Src/sysmem.o
 .debug_macro   0x0000000000000000       0x35 Src/sysmem.o
 .debug_macro   0x0000000000000000      0x330 Src/sysmem.o
 .debug_macro   0x0000000000000000       0x10 Src/sysmem.o
 .debug_macro   0x0000000000000000       0x10 Src/sysmem.o
 .debug_macro   0x0000000000000000       0x6a Src/sysmem.o
 .debug_macro   0x0000000000000000       0x1c Src/sysmem.o
 .debug_macro   0x0000000000000000       0x52 Src/sysmem.o
 .debug_macro   0x0000000000000000       0x40 Src/sysmem.o
 .debug_macro   0x0000000000000000       0x10 Src/sysmem.o
 .debug_macro   0x0000000000000000       0x40 Src/sysmem.o
 .debug_macro   0x0000000000000000       0xd7 Src/sysmem.o
 .debug_macro   0x0000000000000000       0x1c Src/sysmem.o
 .debug_macro   0x0000000000000000       0x3d Src/sysmem.o
 .debug_macro   0x0000000000000000       0x16 Src/sysmem.o
 .debug_macro   0x0000000000000000      0x145 Src/sysmem.o
 .debug_line    0x0000000000000000      0x559 Src/sysmem.o
 .debug_str     0x0000000000000000     0x7ac8 Src/sysmem.o
 .comment       0x0000000000000000       0x7c Src/sysmem.o
 .debug_frame   0x0000000000000000       0x34 Src/sysmem.o
 .ARM.attributes
                0x0000000000000000       0x33 Src/sysmem.o
 .text          0x0000000000000000       0x14 Startup/startup_stm32f446retx.o
 .data          0x0000000000000000        0x0 Startup/startup_stm32f446retx.o
 .bss           0x0000000000000000        0x0 Startup/startup_stm32f446retx.o
 .group         0x0000000000000000        0xc drivers/src/stm32f446xx_gpio_driver.o
 .group         0x0000000000000000        0xc drivers/src/stm32f446xx_gpio_driver.o
 .group         0x0000000000000000        0xc drivers/src/stm32f446xx_gpio_driver.o
 .group         0x0000000000000000        0xc drivers/src/stm32f446xx_gpio_driver.o
 .group         0x0000000000000000        0xc drivers/src/stm32f446xx_gpio_driver.o
 .group         0x0000000000000000        0xc drivers/src/stm32f446xx_gpio_driver.o
 .group         0x0000000000000000        0xc drivers/src/stm32f446xx_gpio_driver.o
 .group         0x0000000000000000        0xc drivers/src/stm32f446xx_gpio_driver.o
 .group         0x0000000000000000        0xc drivers/src/stm32f446xx_gpio_driver.o
 .group         0x0000000000000000        0xc drivers/src/stm32f446xx_gpio_driver.o
 .group         0x0000000000000000        0xc drivers/src/stm32f446xx_gpio_driver.o
 .group         0x0000000000000000        0xc drivers/src/stm32f446xx_gpio_driver.o
 .group         0x0000000000000000        0xc drivers/src/stm32f446xx_gpio_driver.o
 .text          0x0000000000000000        0x0 drivers/src/stm32f446xx_gpio_driver.o
 .data          0x0000000000000000        0x0 drivers/src/stm32f446xx_gpio_driver.o
 .bss           0x0000000000000000        0x0 drivers/src/stm32f446xx_gpio_driver.o
 .text.GPIO_DeInit
                0x0000000000000000      0x144 drivers/src/stm32f446xx_gpio_driver.o
 .text.GPIO_ReadFromInputPort
                0x0000000000000000       0x1a drivers/src/stm32f446xx_gpio_driver.o
 .text.GPIO_WriteToOutputPin
                0x0000000000000000       0x48 drivers/src/stm32f446xx_gpio_driver.o
 .text.GPIO_WriteToOutputPort
                0x0000000000000000       0x1c drivers/src/stm32f446xx_gpio_driver.o
 .text.GPIO_ToggleOutputPin
                0x0000000000000000       0x28 drivers/src/stm32f446xx_gpio_driver.o
 .text.GPIO_IRQInterruptConfig
                0x0000000000000000      0x108 drivers/src/stm32f446xx_gpio_driver.o
 .text.GPIO_IRQPriorityConfig
                0x0000000000000000       0x52 drivers/src/stm32f446xx_gpio_driver.o
 .text.GPIO_IRQHandling
                0x0000000000000000       0x40 drivers/src/stm32f446xx_gpio_driver.o
 .debug_macro   0x0000000000000000      0xa60 drivers/src/stm32f446xx_gpio_driver.o
 .debug_macro   0x0000000000000000       0x16 drivers/src/stm32f446xx_gpio_driver.o
 .debug_macro   0x0000000000000000       0x22 drivers/src/stm32f446xx_gpio_driver.o
 .debug_macro   0x0000000000000000       0x8e drivers/src/stm32f446xx_gpio_driver.o
 .debug_macro   0x0000000000000000       0x51 drivers/src/stm32f446xx_gpio_driver.o
 .debug_macro   0x0000000000000000       0xef drivers/src/stm32f446xx_gpio_driver.o
 .debug_macro   0x0000000000000000       0x6a drivers/src/stm32f446xx_gpio_driver.o
 .debug_macro   0x0000000000000000      0x1df drivers/src/stm32f446xx_gpio_driver.o
 .debug_macro   0x0000000000000000      0x174 drivers/src/stm32f446xx_gpio_driver.o
 .debug_macro   0x0000000000000000      0x60c drivers/src/stm32f446xx_gpio_driver.o
 .debug_macro   0x0000000000000000       0x9b drivers/src/stm32f446xx_gpio_driver.o
 .debug_macro   0x0000000000000000       0xc4 drivers/src/stm32f446xx_gpio_driver.o
 .group         0x0000000000000000        0xc drivers/src/stm32f446xx_i2c_driver.o
 .group         0x0000000000000000        0xc drivers/src/stm32f446xx_i2c_driver.o
 .group         0x0000000000000000        0xc drivers/src/stm32f446xx_i2c_driver.o
 .group         0x0000000000000000        0xc drivers/src/stm32f446xx_i2c_driver.o
 .group         0x0000000000000000        0xc drivers/src/stm32f446xx_i2c_driver.o
 .group         0x0000000000000000        0xc drivers/src/stm32f446xx_i2c_driver.o
 .group         0x0000000000000000        0xc drivers/src/stm32f446xx_i2c_driver.o
 .group         0x0000000000000000        0xc drivers/src/stm32f446xx_i2c_driver.o
 .group         0x0000000000000000        0xc drivers/src/stm32f446xx_i2c_driver.o
 .group         0x0000000000000000        0xc drivers/src/stm32f446xx_i2c_driver.o
 .group         0x0000000000000000        0xc drivers/src/stm32f446xx_i2c_driver.o
 .group         0x0000000000000000        0xc drivers/src/stm32f446xx_i2c_driver.o
 .group         0x0000000000000000        0xc drivers/src/stm32f446xx_i2c_driver.o
 .text          0x0000000000000000        0x0 drivers/src/stm32f446xx_i2c_driver.o
 .data          0x0000000000000000        0x0 drivers/src/stm32f446xx_i2c_driver.o
 .bss           0x0000000000000000        0x0 drivers/src/stm32f446xx_i2c_driver.o
 .text.I2C_ClearSBFlag
                0x0000000000000000       0x18 drivers/src/stm32f446xx_i2c_driver.o
 .text.I2C_DeInit
                0x0000000000000000       0x88 drivers/src/stm32f446xx_i2c_driver.o
 .debug_macro   0x0000000000000000      0xa60 drivers/src/stm32f446xx_i2c_driver.o
 .debug_macro   0x0000000000000000       0x16 drivers/src/stm32f446xx_i2c_driver.o
 .debug_macro   0x0000000000000000       0x22 drivers/src/stm32f446xx_i2c_driver.o
 .debug_macro   0x0000000000000000       0x8e drivers/src/stm32f446xx_i2c_driver.o
 .debug_macro   0x0000000000000000       0x51 drivers/src/stm32f446xx_i2c_driver.o
 .debug_macro   0x0000000000000000       0xef drivers/src/stm32f446xx_i2c_driver.o
 .debug_macro   0x0000000000000000       0x6a drivers/src/stm32f446xx_i2c_driver.o
 .debug_macro   0x0000000000000000      0x1df drivers/src/stm32f446xx_i2c_driver.o
 .debug_macro   0x0000000000000000      0x174 drivers/src/stm32f446xx_i2c_driver.o
 .debug_macro   0x0000000000000000      0x60c drivers/src/stm32f446xx_i2c_driver.o
 .debug_macro   0x0000000000000000       0xc4 drivers/src/stm32f446xx_i2c_driver.o
 .debug_macro   0x0000000000000000       0xe8 drivers/src/stm32f446xx_i2c_driver.o
 .debug_macro   0x0000000000000000       0x9b drivers/src/stm32f446xx_i2c_driver.o
 .group         0x0000000000000000        0xc drivers/src/stm32f446xx_spi_driver.o
 .group         0x0000000000000000        0xc drivers/src/stm32f446xx_spi_driver.o
 .group         0x0000000000000000        0xc drivers/src/stm32f446xx_spi_driver.o
 .group         0x0000000000000000        0xc drivers/src/stm32f446xx_spi_driver.o
 .group         0x0000000000000000        0xc drivers/src/stm32f446xx_spi_driver.o
 .group         0x0000000000000000        0xc drivers/src/stm32f446xx_spi_driver.o
 .group         0x0000000000000000        0xc drivers/src/stm32f446xx_spi_driver.o
 .group         0x0000000000000000        0xc drivers/src/stm32f446xx_spi_driver.o
 .group         0x0000000000000000        0xc drivers/src/stm32f446xx_spi_driver.o
 .group         0x0000000000000000        0xc drivers/src/stm32f446xx_spi_driver.o
 .group         0x0000000000000000        0xc drivers/src/stm32f446xx_spi_driver.o
 .group         0x0000000000000000        0xc drivers/src/stm32f446xx_spi_driver.o
 .group         0x0000000000000000        0xc drivers/src/stm32f446xx_spi_driver.o
 .text          0x0000000000000000        0x0 drivers/src/stm32f446xx_spi_driver.o
 .data          0x0000000000000000        0x0 drivers/src/stm32f446xx_spi_driver.o
 .bss           0x0000000000000000        0x0 drivers/src/stm32f446xx_spi_driver.o
 .text.SPI_PeriClockControl
                0x0000000000000000       0xb0 drivers/src/stm32f446xx_spi_driver.o
 .text.SPI_Init
                0x0000000000000000       0xb6 drivers/src/stm32f446xx_spi_driver.o
 .text.SPI_DeInit
                0x0000000000000000       0xac drivers/src/stm32f446xx_spi_driver.o
 .text.SPI_Get_FlagStatus
                0x0000000000000000       0x26 drivers/src/stm32f446xx_spi_driver.o
 .text.SPI_SendData
                0x0000000000000000       0x6c drivers/src/stm32f446xx_spi_driver.o
 .text.SPI_ReceiveData
                0x0000000000000000       0x6c drivers/src/stm32f446xx_spi_driver.o
 .text.SPI_SendDataIT
                0x0000000000000000       0x48 drivers/src/stm32f446xx_spi_driver.o
 .text.SPI_ReceiveDataIT
                0x0000000000000000       0x48 drivers/src/stm32f446xx_spi_driver.o
 .text.SPI_IRQHandling
                0x0000000000000000       0x9a drivers/src/stm32f446xx_spi_driver.o
 .text.SPI_PeripheralControl
                0x0000000000000000       0x36 drivers/src/stm32f446xx_spi_driver.o
 .text.SPI_SSOEConfig
                0x0000000000000000       0x36 drivers/src/stm32f446xx_spi_driver.o
 .text.SPI_SSIConfig
                0x0000000000000000       0x36 drivers/src/stm32f446xx_spi_driver.o
 .text.spi_txe_interrupt_handle
                0x0000000000000000       0x86 drivers/src/stm32f446xx_spi_driver.o
 .text.spi_rxne_interrupt_handle
                0x0000000000000000       0x90 drivers/src/stm32f446xx_spi_driver.o
 .text.SPI_CloseTrasnmission
                0x0000000000000000       0x34 drivers/src/stm32f446xx_spi_driver.o
 .text.SPI_CloseReception
                0x0000000000000000       0x34 drivers/src/stm32f446xx_spi_driver.o
 .text.SPI_ApplicationEventCallback
                0x0000000000000000       0x16 drivers/src/stm32f446xx_spi_driver.o
 .text.SPI_ClearOVRFlag
                0x0000000000000000       0x1e drivers/src/stm32f446xx_spi_driver.o
 .text.spi_ovr_err_interrupt_handle
                0x0000000000000000       0x30 drivers/src/stm32f446xx_spi_driver.o
 .debug_info    0x0000000000000000      0x807 drivers/src/stm32f446xx_spi_driver.o
 .debug_abbrev  0x0000000000000000      0x19f drivers/src/stm32f446xx_spi_driver.o
 .debug_aranges
                0x0000000000000000       0xb0 drivers/src/stm32f446xx_spi_driver.o
 .debug_ranges  0x0000000000000000       0xa0 drivers/src/stm32f446xx_spi_driver.o
 .debug_macro   0x0000000000000000       0xb6 drivers/src/stm32f446xx_spi_driver.o
 .debug_macro   0x0000000000000000      0xa60 drivers/src/stm32f446xx_spi_driver.o
 .debug_macro   0x0000000000000000       0x16 drivers/src/stm32f446xx_spi_driver.o
 .debug_macro   0x0000000000000000       0x22 drivers/src/stm32f446xx_spi_driver.o
 .debug_macro   0x0000000000000000       0x8e drivers/src/stm32f446xx_spi_driver.o
 .debug_macro   0x0000000000000000       0x51 drivers/src/stm32f446xx_spi_driver.o
 .debug_macro   0x0000000000000000       0xef drivers/src/stm32f446xx_spi_driver.o
 .debug_macro   0x0000000000000000       0x6a drivers/src/stm32f446xx_spi_driver.o
 .debug_macro   0x0000000000000000      0x1df drivers/src/stm32f446xx_spi_driver.o
 .debug_macro   0x0000000000000000      0x174 drivers/src/stm32f446xx_spi_driver.o
 .debug_macro   0x0000000000000000      0x60c drivers/src/stm32f446xx_spi_driver.o
 .debug_macro   0x0000000000000000       0xc4 drivers/src/stm32f446xx_spi_driver.o
 .debug_macro   0x0000000000000000       0x9b drivers/src/stm32f446xx_spi_driver.o
 .debug_macro   0x0000000000000000       0xe2 drivers/src/stm32f446xx_spi_driver.o
 .debug_line    0x0000000000000000      0x646 drivers/src/stm32f446xx_spi_driver.o
 .debug_str     0x0000000000000000     0x692b drivers/src/stm32f446xx_spi_driver.o
 .comment       0x0000000000000000       0x7c drivers/src/stm32f446xx_spi_driver.o
 .debug_frame   0x0000000000000000      0x2ec drivers/src/stm32f446xx_spi_driver.o
 .ARM.attributes
                0x0000000000000000       0x33 drivers/src/stm32f446xx_spi_driver.o
 .text          0x0000000000000000        0x0 c:/st/stm32cubeide_1.3.0/stm32cubeide/plugins/com.st.stm32cube.ide.mcu.externaltools.gnu-tools-for-stm32.7-2018-q2-update.win32_1.0.0.201904181610/tools/bin/../lib/gcc/arm-none-eabi/7.3.1/../../../../arm-none-eabi/lib/thumb/v7e-m\libc_nano.a(lib_a-errno.o)
 .data          0x0000000000000000        0x0 c:/st/stm32cubeide_1.3.0/stm32cubeide/plugins/com.st.stm32cube.ide.mcu.externaltools.gnu-tools-for-stm32.7-2018-q2-update.win32_1.0.0.201904181610/tools/bin/../lib/gcc/arm-none-eabi/7.3.1/../../../../arm-none-eabi/lib/thumb/v7e-m\libc_nano.a(lib_a-errno.o)
 .bss           0x0000000000000000        0x0 c:/st/stm32cubeide_1.3.0/stm32cubeide/plugins/com.st.stm32cube.ide.mcu.externaltools.gnu-tools-for-stm32.7-2018-q2-update.win32_1.0.0.201904181610/tools/bin/../lib/gcc/arm-none-eabi/7.3.1/../../../../arm-none-eabi/lib/thumb/v7e-m\libc_nano.a(lib_a-errno.o)
 .text.__errno  0x0000000000000000        0xc c:/st/stm32cubeide_1.3.0/stm32cubeide/plugins/com.st.stm32cube.ide.mcu.externaltools.gnu-tools-for-stm32.7-2018-q2-update.win32_1.0.0.201904181610/tools/bin/../lib/gcc/arm-none-eabi/7.3.1/../../../../arm-none-eabi/lib/thumb/v7e-m\libc_nano.a(lib_a-errno.o)
 .debug_frame   0x0000000000000000       0x20 c:/st/stm32cubeide_1.3.0/stm32cubeide/plugins/com.st.stm32cube.ide.mcu.externaltools.gnu-tools-for-stm32.7-2018-q2-update.win32_1.0.0.201904181610/tools/bin/../lib/gcc/arm-none-eabi/7.3.1/../../../../arm-none-eabi/lib/thumb/v7e-m\libc_nano.a(lib_a-errno.o)
 .ARM.attributes
                0x0000000000000000       0x2e c:/st/stm32cubeide_1.3.0/stm32cubeide/plugins/com.st.stm32cube.ide.mcu.externaltools.gnu-tools-for-stm32.7-2018-q2-update.win32_1.0.0.201904181610/tools/bin/../lib/gcc/arm-none-eabi/7.3.1/../../../../arm-none-eabi/lib/thumb/v7e-m\libc_nano.a(lib_a-errno.o)
 .text          0x0000000000000000        0x0 c:/st/stm32cubeide_1.3.0/stm32cubeide/plugins/com.st.stm32cube.ide.mcu.externaltools.gnu-tools-for-stm32.7-2018-q2-update.win32_1.0.0.201904181610/tools/bin/../lib/gcc/arm-none-eabi/7.3.1/../../../../arm-none-eabi/lib/thumb/v7e-m\libc_nano.a(lib_a-exit.o)
 .data          0x0000000000000000        0x0 c:/st/stm32cubeide_1.3.0/stm32cubeide/plugins/com.st.stm32cube.ide.mcu.externaltools.gnu-tools-for-stm32.7-2018-q2-update.win32_1.0.0.201904181610/tools/bin/../lib/gcc/arm-none-eabi/7.3.1/../../../../arm-none-eabi/lib/thumb/v7e-m\libc_nano.a(lib_a-exit.o)
 .bss           0x0000000000000000        0x0 c:/st/stm32cubeide_1.3.0/stm32cubeide/plugins/com.st.stm32cube.ide.mcu.externaltools.gnu-tools-for-stm32.7-2018-q2-update.win32_1.0.0.201904181610/tools/bin/../lib/gcc/arm-none-eabi/7.3.1/../../../../arm-none-eabi/lib/thumb/v7e-m\libc_nano.a(lib_a-exit.o)
 .text.exit     0x0000000000000000       0x28 c:/st/stm32cubeide_1.3.0/stm32cubeide/plugins/com.st.stm32cube.ide.mcu.externaltools.gnu-tools-for-stm32.7-2018-q2-update.win32_1.0.0.201904181610/tools/bin/../lib/gcc/arm-none-eabi/7.3.1/../../../../arm-none-eabi/lib/thumb/v7e-m\libc_nano.a(lib_a-exit.o)
 .debug_frame   0x0000000000000000       0x28 c:/st/stm32cubeide_1.3.0/stm32cubeide/plugins/com.st.stm32cube.ide.mcu.externaltools.gnu-tools-for-stm32.7-2018-q2-update.win32_1.0.0.201904181610/tools/bin/../lib/gcc/arm-none-eabi/7.3.1/../../../../arm-none-eabi/lib/thumb/v7e-m\libc_nano.a(lib_a-exit.o)
 .ARM.attributes
                0x0000000000000000       0x2e c:/st/stm32cubeide_1.3.0/stm32cubeide/plugins/com.st.stm32cube.ide.mcu.externaltools.gnu-tools-for-stm32.7-2018-q2-update.win32_1.0.0.201904181610/tools/bin/../lib/gcc/arm-none-eabi/7.3.1/../../../../arm-none-eabi/lib/thumb/v7e-m\libc_nano.a(lib_a-exit.o)
 .text          0x0000000000000000        0x0 c:/st/stm32cubeide_1.3.0/stm32cubeide/plugins/com.st.stm32cube.ide.mcu.externaltools.gnu-tools-for-stm32.7-2018-q2-update.win32_1.0.0.201904181610/tools/bin/../lib/gcc/arm-none-eabi/7.3.1/../../../../arm-none-eabi/lib/thumb/v7e-m\libc_nano.a(lib_a-impure.o)
 .data          0x0000000000000000        0x0 c:/st/stm32cubeide_1.3.0/stm32cubeide/plugins/com.st.stm32cube.ide.mcu.externaltools.gnu-tools-for-stm32.7-2018-q2-update.win32_1.0.0.201904181610/tools/bin/../lib/gcc/arm-none-eabi/7.3.1/../../../../arm-none-eabi/lib/thumb/v7e-m\libc_nano.a(lib_a-impure.o)
 .bss           0x0000000000000000        0x0 c:/st/stm32cubeide_1.3.0/stm32cubeide/plugins/com.st.stm32cube.ide.mcu.externaltools.gnu-tools-for-stm32.7-2018-q2-update.win32_1.0.0.201904181610/tools/bin/../lib/gcc/arm-none-eabi/7.3.1/../../../../arm-none-eabi/lib/thumb/v7e-m\libc_nano.a(lib_a-impure.o)
 .data._impure_ptr
                0x0000000000000000        0x4 c:/st/stm32cubeide_1.3.0/stm32cubeide/plugins/com.st.stm32cube.ide.mcu.externaltools.gnu-tools-for-stm32.7-2018-q2-update.win32_1.0.0.201904181610/tools/bin/../lib/gcc/arm-none-eabi/7.3.1/../../../../arm-none-eabi/lib/thumb/v7e-m\libc_nano.a(lib_a-impure.o)
 .data.impure_data
                0x0000000000000000       0x60 c:/st/stm32cubeide_1.3.0/stm32cubeide/plugins/com.st.stm32cube.ide.mcu.externaltools.gnu-tools-for-stm32.7-2018-q2-update.win32_1.0.0.201904181610/tools/bin/../lib/gcc/arm-none-eabi/7.3.1/../../../../arm-none-eabi/lib/thumb/v7e-m\libc_nano.a(lib_a-impure.o)
 .rodata._global_impure_ptr
                0x0000000000000000        0x4 c:/st/stm32cubeide_1.3.0/stm32cubeide/plugins/com.st.stm32cube.ide.mcu.externaltools.gnu-tools-for-stm32.7-2018-q2-update.win32_1.0.0.201904181610/tools/bin/../lib/gcc/arm-none-eabi/7.3.1/../../../../arm-none-eabi/lib/thumb/v7e-m\libc_nano.a(lib_a-impure.o)
 .ARM.attributes
                0x0000000000000000       0x2e c:/st/stm32cubeide_1.3.0/stm32cubeide/plugins/com.st.stm32cube.ide.mcu.externaltools.gnu-tools-for-stm32.7-2018-q2-update.win32_1.0.0.201904181610/tools/bin/../lib/gcc/arm-none-eabi/7.3.1/../../../../arm-none-eabi/lib/thumb/v7e-m\libc_nano.a(lib_a-impure.o)
 .text          0x0000000000000000        0x0 c:/st/stm32cubeide_1.3.0/stm32cubeide/plugins/com.st.stm32cube.ide.mcu.externaltools.gnu-tools-for-stm32.7-2018-q2-update.win32_1.0.0.201904181610/tools/bin/../lib/gcc/arm-none-eabi/7.3.1/../../../../arm-none-eabi/lib/thumb/v7e-m\libc_nano.a(lib_a-init.o)
 .data          0x0000000000000000        0x0 c:/st/stm32cubeide_1.3.0/stm32cubeide/plugins/com.st.stm32cube.ide.mcu.externaltools.gnu-tools-for-stm32.7-2018-q2-update.win32_1.0.0.201904181610/tools/bin/../lib/gcc/arm-none-eabi/7.3.1/../../../../arm-none-eabi/lib/thumb/v7e-m\libc_nano.a(lib_a-init.o)
 .bss           0x0000000000000000        0x0 c:/st/stm32cubeide_1.3.0/stm32cubeide/plugins/com.st.stm32cube.ide.mcu.externaltools.gnu-tools-for-stm32.7-2018-q2-update.win32_1.0.0.201904181610/tools/bin/../lib/gcc/arm-none-eabi/7.3.1/../../../../arm-none-eabi/lib/thumb/v7e-m\libc_nano.a(lib_a-init.o)
 .text          0x0000000000000000        0x0 c:/st/stm32cubeide_1.3.0/stm32cubeide/plugins/com.st.stm32cube.ide.mcu.externaltools.gnu-tools-for-stm32.7-2018-q2-update.win32_1.0.0.201904181610/tools/bin/../lib/gcc/arm-none-eabi/7.3.1/../../../../arm-none-eabi/lib/thumb/v7e-m\libc_nano.a(lib_a-memset.o)
 .data          0x0000000000000000        0x0 c:/st/stm32cubeide_1.3.0/stm32cubeide/plugins/com.st.stm32cube.ide.mcu.externaltools.gnu-tools-for-stm32.7-2018-q2-update.win32_1.0.0.201904181610/tools/bin/../lib/gcc/arm-none-eabi/7.3.1/../../../../arm-none-eabi/lib/thumb/v7e-m\libc_nano.a(lib_a-memset.o)
 .bss           0x0000000000000000        0x0 c:/st/stm32cubeide_1.3.0/stm32cubeide/plugins/com.st.stm32cube.ide.mcu.externaltools.gnu-tools-for-stm32.7-2018-q2-update.win32_1.0.0.201904181610/tools/bin/../lib/gcc/arm-none-eabi/7.3.1/../../../../arm-none-eabi/lib/thumb/v7e-m\libc_nano.a(lib_a-memset.o)
 .text.memset   0x0000000000000000       0x10 c:/st/stm32cubeide_1.3.0/stm32cubeide/plugins/com.st.stm32cube.ide.mcu.externaltools.gnu-tools-for-stm32.7-2018-q2-update.win32_1.0.0.201904181610/tools/bin/../lib/gcc/arm-none-eabi/7.3.1/../../../../arm-none-eabi/lib/thumb/v7e-m\libc_nano.a(lib_a-memset.o)
 .debug_frame   0x0000000000000000       0x20 c:/st/stm32cubeide_1.3.0/stm32cubeide/plugins/com.st.stm32cube.ide.mcu.externaltools.gnu-tools-for-stm32.7-2018-q2-update.win32_1.0.0.201904181610/tools/bin/../lib/gcc/arm-none-eabi/7.3.1/../../../../arm-none-eabi/lib/thumb/v7e-m\libc_nano.a(lib_a-memset.o)
 .ARM.attributes
                0x0000000000000000       0x2e c:/st/stm32cubeide_1.3.0/stm32cubeide/plugins/com.st.stm32cube.ide.mcu.externaltools.gnu-tools-for-stm32.7-2018-q2-update.win32_1.0.0.201904181610/tools/bin/../lib/gcc/arm-none-eabi/7.3.1/../../../../arm-none-eabi/lib/thumb/v7e-m\libc_nano.a(lib_a-memset.o)
 .text          0x0000000000000000        0x0 c:/st/stm32cubeide_1.3.0/stm32cubeide/plugins/com.st.stm32cube.ide.mcu.externaltools.gnu-tools-for-stm32.7-2018-q2-update.win32_1.0.0.201904181610/tools/bin/../lib/gcc/arm-none-eabi/7.3.1/thumb/v7e-m/crtend.o
 .data          0x0000000000000000        0x0 c:/st/stm32cubeide_1.3.0/stm32cubeide/plugins/com.st.stm32cube.ide.mcu.externaltools.gnu-tools-for-stm32.7-2018-q2-update.win32_1.0.0.201904181610/tools/bin/../lib/gcc/arm-none-eabi/7.3.1/thumb/v7e-m/crtend.o
 .bss           0x0000000000000000        0x0 c:/st/stm32cubeide_1.3.0/stm32cubeide/plugins/com.st.stm32cube.ide.mcu.externaltools.gnu-tools-for-stm32.7-2018-q2-update.win32_1.0.0.201904181610/tools/bin/../lib/gcc/arm-none-eabi/7.3.1/thumb/v7e-m/crtend.o
 .eh_frame      0x0000000000000000        0x4 c:/st/stm32cubeide_1.3.0/stm32cubeide/plugins/com.st.stm32cube.ide.mcu.externaltools.gnu-tools-for-stm32.7-2018-q2-update.win32_1.0.0.201904181610/tools/bin/../lib/gcc/arm-none-eabi/7.3.1/thumb/v7e-m/crtend.o
 .ARM.attributes
                0x0000000000000000       0x2e c:/st/stm32cubeide_1.3.0/stm32cubeide/plugins/com.st.stm32cube.ide.mcu.externaltools.gnu-tools-for-stm32.7-2018-q2-update.win32_1.0.0.201904181610/tools/bin/../lib/gcc/arm-none-eabi/7.3.1/thumb/v7e-m/crtend.o
 .text          0x0000000000000000        0x0 c:/st/stm32cubeide_1.3.0/stm32cubeide/plugins/com.st.stm32cube.ide.mcu.externaltools.gnu-tools-for-stm32.7-2018-q2-update.win32_1.0.0.201904181610/tools/bin/../lib/gcc/arm-none-eabi/7.3.1/thumb/v7e-m/crtn.o
 .data          0x0000000000000000        0x0 c:/st/stm32cubeide_1.3.0/stm32cubeide/plugins/com.st.stm32cube.ide.mcu.externaltools.gnu-tools-for-stm32.7-2018-q2-update.win32_1.0.0.201904181610/tools/bin/../lib/gcc/arm-none-eabi/7.3.1/thumb/v7e-m/crtn.o
 .bss           0x0000000000000000        0x0 c:/st/stm32cubeide_1.3.0/stm32cubeide/plugins/com.st.stm32cube.ide.mcu.externaltools.gnu-tools-for-stm32.7-2018-q2-update.win32_1.0.0.201904181610/tools/bin/../lib/gcc/arm-none-eabi/7.3.1/thumb/v7e-m/crtn.o

Memory Configuration

Name             Origin             Length             Attributes
RAM              0x0000000020000000 0x0000000000020000 xrw
ROM              0x0000000008000000 0x0000000000080000 xr
*default*        0x0000000000000000 0xffffffffffffffff

Linker script and memory map

LOAD c:/st/stm32cubeide_1.3.0/stm32cubeide/plugins/com.st.stm32cube.ide.mcu.externaltools.gnu-tools-for-stm32.7-2018-q2-update.win32_1.0.0.201904181610/tools/bin/../lib/gcc/arm-none-eabi/7.3.1/thumb/v7e-m/crti.o
LOAD c:/st/stm32cubeide_1.3.0/stm32cubeide/plugins/com.st.stm32cube.ide.mcu.externaltools.gnu-tools-for-stm32.7-2018-q2-update.win32_1.0.0.201904181610/tools/bin/../lib/gcc/arm-none-eabi/7.3.1/thumb/v7e-m/crtbegin.o
LOAD c:/st/stm32cubeide_1.3.0/stm32cubeide/plugins/com.st.stm32cube.ide.mcu.externaltools.gnu-tools-for-stm32.7-2018-q2-update.win32_1.0.0.201904181610/tools/bin/../lib/gcc/arm-none-eabi/7.3.1/../../../../arm-none-eabi/lib/thumb/v7e-m/crt0.o
LOAD Src/01I2C_Master_Rx_testing.o
LOAD Src/syscalls.o
LOAD Src/sysmem.o
LOAD Startup/startup_stm32f446retx.o
LOAD drivers/src/stm32f446xx_gpio_driver.o
LOAD drivers/src/stm32f446xx_i2c_driver.o
LOAD drivers/src/stm32f446xx_spi_driver.o
START GROUP
LOAD c:/st/stm32cubeide_1.3.0/stm32cubeide/plugins/com.st.stm32cube.ide.mcu.externaltools.gnu-tools-for-stm32.7-2018-q2-update.win32_1.0.0.201904181610/tools/bin/../lib/gcc/arm-none-eabi/7.3.1/../../../../arm-none-eabi/lib/thumb/v7e-m\libc_nano.a
LOAD c:/st/stm32cubeide_1.3.0/stm32cubeide/plugins/com.st.stm32cube.ide.mcu.externaltools.gnu-tools-for-stm32.7-2018-q2-update.win32_1.0.0.201904181610/tools/bin/../lib/gcc/arm-none-eabi/7.3.1/../../../../arm-none-eabi/lib/thumb/v7e-m\libm.a
END GROUP
START GROUP
LOAD c:/st/stm32cubeide_1.3.0/stm32cubeide/plugins/com.st.stm32cube.ide.mcu.externaltools.gnu-tools-for-stm32.7-2018-q2-update.win32_1.0.0.201904181610/tools/bin/../lib/gcc/arm-none-eabi/7.3.1/thumb/v7e-m\libgcc.a
LOAD c:/st/stm32cubeide_1.3.0/stm32cubeide/plugins/com.st.stm32cube.ide.mcu.externaltools.gnu-tools-for-stm32.7-2018-q2-update.win32_1.0.0.201904181610/tools/bin/../lib/gcc/arm-none-eabi/7.3.1/../../../../arm-none-eabi/lib/thumb/v7e-m\libc_nano.a
END GROUP
START GROUP
LOAD c:/st/stm32cubeide_1.3.0/stm32cubeide/plugins/com.st.stm32cube.ide.mcu.externaltools.gnu-tools-for-stm32.7-2018-q2-update.win32_1.0.0.201904181610/tools/bin/../lib/gcc/arm-none-eabi/7.3.1/thumb/v7e-m\libgcc.a
LOAD c:/st/stm32cubeide_1.3.0/stm32cubeide/plugins/com.st.stm32cube.ide.mcu.externaltools.gnu-tools-for-stm32.7-2018-q2-update.win32_1.0.0.201904181610/tools/bin/../lib/gcc/arm-none-eabi/7.3.1/../../../../arm-none-eabi/lib/thumb/v7e-m\libc_nano.a
LOAD c:/st/stm32cubeide_1.3.0/stm32cubeide/plugins/com.st.stm32cube.ide.mcu.externaltools.gnu-tools-for-stm32.7-2018-q2-update.win32_1.0.0.201904181610/tools/bin/../lib/gcc/arm-none-eabi/7.3.1/../../../../arm-none-eabi/lib/thumb/v7e-m\libnosys.a
END GROUP
START GROUP
LOAD c:/st/stm32cubeide_1.3.0/stm32cubeide/plugins/com.st.stm32cube.ide.mcu.externaltools.gnu-tools-for-stm32.7-2018-q2-update.win32_1.0.0.201904181610/tools/bin/../lib/gcc/arm-none-eabi/7.3.1/thumb/v7e-m\libgcc.a
LOAD c:/st/stm32cubeide_1.3.0/stm32cubeide/plugins/com.st.stm32cube.ide.mcu.externaltools.gnu-tools-for-stm32.7-2018-q2-update.win32_1.0.0.201904181610/tools/bin/../lib/gcc/arm-none-eabi/7.3.1/../../../../arm-none-eabi/lib/thumb/v7e-m\libc_nano.a
LOAD c:/st/stm32cubeide_1.3.0/stm32cubeide/plugins/com.st.stm32cube.ide.mcu.externaltools.gnu-tools-for-stm32.7-2018-q2-update.win32_1.0.0.201904181610/tools/bin/../lib/gcc/arm-none-eabi/7.3.1/../../../../arm-none-eabi/lib/thumb/v7e-m\libnosys.a
END GROUP
LOAD c:/st/stm32cubeide_1.3.0/stm32cubeide/plugins/com.st.stm32cube.ide.mcu.externaltools.gnu-tools-for-stm32.7-2018-q2-update.win32_1.0.0.201904181610/tools/bin/../lib/gcc/arm-none-eabi/7.3.1/thumb/v7e-m/crtend.o
LOAD c:/st/stm32cubeide_1.3.0/stm32cubeide/plugins/com.st.stm32cube.ide.mcu.externaltools.gnu-tools-for-stm32.7-2018-q2-update.win32_1.0.0.201904181610/tools/bin/../lib/gcc/arm-none-eabi/7.3.1/thumb/v7e-m/crtn.o
                0x0000000020020000                _estack = (ORIGIN (RAM) + LENGTH (RAM))
                0x0000000000000200                _Min_Heap_Size = 0x200
                0x0000000000000400                _Min_Stack_Size = 0x400

.isr_vector     0x0000000008000000      0x1c4
                0x0000000008000000                . = ALIGN (0x4)
 *(.isr_vector)
 .isr_vector    0x0000000008000000      0x1c4 Startup/startup_stm32f446retx.o
                0x0000000008000000                g_pfnVectors
                0x00000000080001c4                . = ALIGN (0x4)

.text           0x00000000080001c4      0xd90
                0x00000000080001c4                . = ALIGN (0x4)
 *(.text)
 .text          0x00000000080001c4       0x40 c:/st/stm32cubeide_1.3.0/stm32cubeide/plugins/com.st.stm32cube.ide.mcu.externaltools.gnu-tools-for-stm32.7-2018-q2-update.win32_1.0.0.201904181610/tools/bin/../lib/gcc/arm-none-eabi/7.3.1/thumb/v7e-m/crtbegin.o
 *(.text*)
 .text.delay    0x0000000008000204       0x28 Src/01I2C_Master_Rx_testing.o
                0x0000000008000204                delay
 .text.I2C_Gpio_Init
                0x000000000800022c       0x44 Src/01I2C_Master_Rx_testing.o
                0x000000000800022c                I2C_Gpio_Init
 .text.I2C_Peri_Init
                0x0000000008000270       0x38 Src/01I2C_Master_Rx_testing.o
                0x0000000008000270                I2C_Peri_Init
 .text.Gpio_Button
                0x00000000080002a8       0x30 Src/01I2C_Master_Rx_testing.o
                0x00000000080002a8                Gpio_Button
 .text.main     0x00000000080002d8       0xac Src/01I2C_Master_Rx_testing.o
                0x00000000080002d8                main
 .text.Reset_Handler
                0x0000000008000384       0x50 Startup/startup_stm32f446retx.o
                0x0000000008000384                Reset_Handler
 .text.Default_Handler
                0x00000000080003d4        0x2 Startup/startup_stm32f446retx.o
                0x00000000080003d4                RTC_Alarm_IRQHandler
                0x00000000080003d4                EXTI2_IRQHandler
                0x00000000080003d4                TIM8_CC_IRQHandler
                0x00000000080003d4                SPDIF_Rx_IRQHandler
                0x00000000080003d4                DebugMon_Handler
                0x00000000080003d4                SPI4_IRQHandler
                0x00000000080003d4                TIM1_CC_IRQHandler
                0x00000000080003d4                QuadSPI_IRQHandler
                0x00000000080003d4                DMA2_Stream5_IRQHandler
                0x00000000080003d4                HardFault_Handler
                0x00000000080003d4                DMA1_Stream5_IRQHandler
                0x00000000080003d4                SysTick_Handler
                0x00000000080003d4                PVD_IRQHandler
                0x00000000080003d4                SDIO_IRQHandler
                0x00000000080003d4                TAMP_STAMP_IRQHandler
                0x00000000080003d4                PendSV_Handler
                0x00000000080003d4                NMI_Handler
                0x00000000080003d4                CAN2_RX1_IRQHandler
                0x00000000080003d4                EXTI3_IRQHandler
                0x00000000080003d4                TIM8_TRG_COM_TIM14_IRQHandler
                0x00000000080003d4                TIM1_UP_TIM10_IRQHandler
                0x00000000080003d4                FMPI2C1_error_IRQHandler
                0x00000000080003d4                TIM8_UP_TIM13_IRQHandler
                0x00000000080003d4                I2C3_ER_IRQHandler
                0x00000000080003d4                EXTI0_IRQHandler
                0x00000000080003d4                I2C2_EV_IRQHandler
                0x00000000080003d4                DMA1_Stream2_IRQHandler
                0x00000000080003d4                CAN1_RX0_IRQHandler
                0x00000000080003d4                FPU_IRQHandler
                0x00000000080003d4                OTG_HS_WKUP_IRQHandler
                0x00000000080003d4                UsageFault_Handler
                0x00000000080003d4                CAN2_SCE_IRQHandler
                0x00000000080003d4                DMA2_Stream2_IRQHandler
                0x00000000080003d4                SPI1_IRQHandler
                0x00000000080003d4                TIM6_DAC_IRQHandler
                0x00000000080003d4                TIM1_BRK_TIM9_IRQHandler
                0x00000000080003d4                DCMI_IRQHandler
                0x00000000080003d4                CAN2_RX0_IRQHandler
                0x00000000080003d4                DMA2_Stream3_IRQHandler
                0x00000000080003d4                FMPI2C1_IRQHandler
                0x00000000080003d4                SAI2_IRQHandler
                0x00000000080003d4                USART6_IRQHandler
                0x00000000080003d4                USART3_IRQHandler
                0x00000000080003d4                CAN1_RX1_IRQHandler
                0x00000000080003d4                UART5_IRQHandler
                0x00000000080003d4                DMA2_Stream0_IRQHandler
                0x00000000080003d4                TIM4_IRQHandler
                0x00000000080003d4                I2C1_EV_IRQHandler
                0x00000000080003d4                HDMI_CEC_IRQHandler
                0x00000000080003d4                DMA1_Stream6_IRQHandler
                0x00000000080003d4                DMA1_Stream1_IRQHandler
                0x00000000080003d4                UART4_IRQHandler
                0x00000000080003d4                TIM3_IRQHandler
                0x00000000080003d4                RCC_IRQHandler
                0x00000000080003d4                TIM8_BRK_TIM12_IRQHandler
                0x00000000080003d4                Default_Handler
                0x00000000080003d4                EXTI15_10_IRQHandler
                0x00000000080003d4                ADC_IRQHandler
                0x00000000080003d4                DMA1_Stream7_IRQHandler
                0x00000000080003d4                TIM7_IRQHandler
                0x00000000080003d4                CAN2_TX_IRQHandler
                0x00000000080003d4                TIM5_IRQHandler
                0x00000000080003d4                DMA2_Stream7_IRQHandler
                0x00000000080003d4                I2C3_EV_IRQHandler
                0x00000000080003d4                EXTI9_5_IRQHandler
                0x00000000080003d4                RTC_WKUP_IRQHandler
                0x00000000080003d4                SPI2_IRQHandler
                0x00000000080003d4                OTG_HS_EP1_IN_IRQHandler
                0x00000000080003d4                MemManage_Handler
                0x00000000080003d4                DMA1_Stream0_IRQHandler
                0x00000000080003d4                CAN1_TX_IRQHandler
                0x00000000080003d4                SVC_Handler
                0x00000000080003d4                EXTI4_IRQHandler
                0x00000000080003d4                OTG_HS_EP1_OUT_IRQHandler
                0x00000000080003d4                WWDG_IRQHandler
                0x00000000080003d4                TIM2_IRQHandler
                0x00000000080003d4                OTG_FS_WKUP_IRQHandler
                0x00000000080003d4                TIM1_TRG_COM_TIM11_IRQHandler
                0x00000000080003d4                OTG_HS_IRQHandler
                0x00000000080003d4                EXTI1_IRQHandler
                0x00000000080003d4                USART2_IRQHandler
                0x00000000080003d4                I2C2_ER_IRQHandler
                0x00000000080003d4                DMA2_Stream1_IRQHandler
                0x00000000080003d4                CAN1_SCE_IRQHandler
                0x00000000080003d4                FLASH_IRQHandler
                0x00000000080003d4                DMA2_Stream4_IRQHandler
                0x00000000080003d4                BusFault_Handler
                0x00000000080003d4                USART1_IRQHandler
                0x00000000080003d4                OTG_FS_IRQHandler
                0x00000000080003d4                SPI3_IRQHandler
                0x00000000080003d4                DMA1_Stream4_IRQHandler
                0x00000000080003d4                I2C1_ER_IRQHandler
                0x00000000080003d4                FMC_IRQHandler
                0x00000000080003d4                DMA2_Stream6_IRQHandler
                0x00000000080003d4                SAI1_IRQHandler
                0x00000000080003d4                DMA1_Stream3_IRQHandler
 *fill*         0x00000000080003d6        0x2 
 .text.GPIO_PeriClockControl
                0x00000000080003d8      0x1a0 drivers/src/stm32f446xx_gpio_driver.o
                0x00000000080003d8                GPIO_PeriClockControl
 .text.GPIO_Init
                0x0000000008000578      0x330 drivers/src/stm32f446xx_gpio_driver.o
                0x0000000008000578                GPIO_Init
 .text.GPIO_ReadFromInputPin
                0x00000000080008a8       0x2a drivers/src/stm32f446xx_gpio_driver.o
                0x00000000080008a8                GPIO_ReadFromInputPin
 .text.I2C_GenerateStartCondition
                0x00000000080008d2       0x1e drivers/src/stm32f446xx_i2c_driver.o
 .text.I2C_ExecuteAddressPhaseWrite
                0x00000000080008f0       0x2a drivers/src/stm32f446xx_i2c_driver.o
 .text.I2C_ExecuteAddressPhaseRead
                0x000000000800091a       0x2a drivers/src/stm32f446xx_i2c_driver.o
 .text.I2C_ClearADDRFlag
                0x0000000008000944       0x22 drivers/src/stm32f446xx_i2c_driver.o
 .text.I2C_GenerateStopCondition
                0x0000000008000966       0x1e drivers/src/stm32f446xx_i2c_driver.o
 .text.I2C_ManagaeAcking
                0x0000000008000984       0x3a drivers/src/stm32f446xx_i2c_driver.o
                0x0000000008000984                I2C_ManagaeAcking
 *fill*         0x00000000080009be        0x2 
 .text.I2C_PeriClockControl
                0x00000000080009c0       0xb0 drivers/src/stm32f446xx_i2c_driver.o
                0x00000000080009c0                I2C_PeriClockControl
 .text.RCC_GetPLLOutputClk
                0x0000000008000a70        0xe drivers/src/stm32f446xx_i2c_driver.o
                0x0000000008000a70                RCC_GetPLLOutputClk
 *fill*         0x0000000008000a7e        0x2 
 .text.RCC_GetPCLK1Value
                0x0000000008000a80       0xb4 drivers/src/stm32f446xx_i2c_driver.o
                0x0000000008000a80                RCC_GetPCLK1Value
 .text.I2C_Init
                0x0000000008000b34      0x178 drivers/src/stm32f446xx_i2c_driver.o
                0x0000000008000b34                I2C_Init
 .text.I2C_MasterSendData
                0x0000000008000cac       0xc6 drivers/src/stm32f446xx_i2c_driver.o
                0x0000000008000cac                I2C_MasterSendData
 .text.I2C_MasterReceiverData
                0x0000000008000d72      0x124 drivers/src/stm32f446xx_i2c_driver.o
                0x0000000008000d72                I2C_MasterReceiverData
 .text.I2C_PeripheralControl
                0x0000000008000e96       0x36 drivers/src/stm32f446xx_i2c_driver.o
                0x0000000008000e96                I2C_PeripheralControl
 .text.I2C_Get_FlagStatus
                0x0000000008000ecc       0x26 drivers/src/stm32f446xx_i2c_driver.o
                0x0000000008000ecc                I2C_Get_FlagStatus
 *fill*         0x0000000008000ef2        0x2 
 .text.__libc_init_array
                0x0000000008000ef4       0x48 c:/st/stm32cubeide_1.3.0/stm32cubeide/plugins/com.st.stm32cube.ide.mcu.externaltools.gnu-tools-for-stm32.7-2018-q2-update.win32_1.0.0.201904181610/tools/bin/../lib/gcc/arm-none-eabi/7.3.1/../../../../arm-none-eabi/lib/thumb/v7e-m\libc_nano.a(lib_a-init.o)
                0x0000000008000ef4                __libc_init_array
 *(.glue_7)
 .glue_7        0x0000000008000f3c        0x0 linker stubs
 *(.glue_7t)
 .glue_7t       0x0000000008000f3c        0x0 linker stubs
 *(.eh_frame)
 .eh_frame      0x0000000008000f3c        0x0 c:/st/stm32cubeide_1.3.0/stm32cubeide/plugins/com.st.stm32cube.ide.mcu.externaltools.gnu-tools-for-stm32.7-2018-q2-update.win32_1.0.0.201904181610/tools/bin/../lib/gcc/arm-none-eabi/7.3.1/thumb/v7e-m/crtbegin.o
 *(.init)
 .init          0x0000000008000f3c        0x4 c:/st/stm32cubeide_1.3.0/stm32cubeide/plugins/com.st.stm32cube.ide.mcu.externaltools.gnu-tools-for-stm32.7-2018-q2-update.win32_1.0.0.201904181610/tools/bin/../lib/gcc/arm-none-eabi/7.3.1/thumb/v7e-m/crti.o
                0x0000000008000f3c                _init
 .init          0x0000000008000f40        0x8 c:/st/stm32cubeide_1.3.0/stm32cubeide/plugins/com.st.stm32cube.ide.mcu.externaltools.gnu-tools-for-stm32.7-2018-q2-update.win32_1.0.0.201904181610/tools/bin/../lib/gcc/arm-none-eabi/7.3.1/thumb/v7e-m/crtn.o
 *(.fini)
 .fini          0x0000000008000f48        0x4 c:/st/stm32cubeide_1.3.0/stm32cubeide/plugins/com.st.stm32cube.ide.mcu.externaltools.gnu-tools-for-stm32.7-2018-q2-update.win32_1.0.0.201904181610/tools/bin/../lib/gcc/arm-none-eabi/7.3.1/thumb/v7e-m/crti.o
                0x0000000008000f48                _fini
 .fini          0x0000000008000f4c        0x8 c:/st/stm32cubeide_1.3.0/stm32cubeide/plugins/com.st.stm32cube.ide.mcu.externaltools.gnu-tools-for-stm32.7-2018-q2-update.win32_1.0.0.201904181610/tools/bin/../lib/gcc/arm-none-eabi/7.3.1/thumb/v7e-m/crtn.o
                0x0000000008000f54                . = ALIGN (0x4)
                0x0000000008000f54                _etext = .

.vfp11_veneer   0x0000000008000f54        0x0
 .vfp11_veneer  0x0000000008000f54        0x0 linker stubs

.v4_bx          0x0000000008000f54        0x0
 .v4_bx         0x0000000008000f54        0x0 linker stubs

.iplt           0x0000000008000f54        0x0
 .iplt          0x0000000008000f54        0x0 c:/st/stm32cubeide_1.3.0/stm32cubeide/plugins/com.st.stm32cube.ide.mcu.externaltools.gnu-tools-for-stm32.7-2018-q2-update.win32_1.0.0.201904181610/tools/bin/../lib/gcc/arm-none-eabi/7.3.1/thumb/v7e-m/crtbegin.o

.rel.dyn        0x0000000008000f54        0x0
 .rel.iplt      0x0000000008000f54        0x0 c:/st/stm32cubeide_1.3.0/stm32cubeide/plugins/com.st.stm32cube.ide.mcu.externaltools.gnu-tools-for-stm32.7-2018-q2-update.win32_1.0.0.201904181610/tools/bin/../lib/gcc/arm-none-eabi/7.3.1/thumb/v7e-m/crtbegin.o

.rodata         0x0000000008000f54        0x0
                0x0000000008000f54                . = ALIGN (0x4)
 *(.rodata)
 *(.rodata*)
                0x0000000008000f54                . = ALIGN (0x4)

.ARM.extab      0x0000000008000f54        0x0
                0x0000000008000f54                . = ALIGN (0x4)
 *(.ARM.extab* .gnu.linkonce.armextab.*)
                0x0000000008000f54                . = ALIGN (0x4)

.ARM            0x0000000008000f54        0x0
                0x0000000008000f54                . = ALIGN (0x4)
                0x0000000008000f54                __exidx_start = .
 *(.ARM.exidx*)
                0x0000000008000f54                __exidx_end = .
                0x0000000008000f54                . = ALIGN (0x4)

.preinit_array  0x0000000008000f54        0x0
                0x0000000008000f54                . = ALIGN (0x4)
                0x0000000008000f54                PROVIDE (__preinit_array_start = .)
 *(.preinit_array*)
                0x0000000008000f54                PROVIDE (__preinit_array_end = .)
                0x0000000008000f54                . = ALIGN (0x4)

.init_array     0x0000000008000f54        0x4
                0x0000000008000f54                . = ALIGN (0x4)
                0x0000000008000f54                PROVIDE (__init_array_start = .)
 *(SORT_BY_NAME(.init_array.*))
 *(.init_array*)
 .init_array    0x0000000008000f54        0x4 c:/st/stm32cubeide_1.3.0/stm32cubeide/plugins/com.st.stm32cube.ide.mcu.externaltools.gnu-tools-for-stm32.7-2018-q2-update.win32_1.0.0.201904181610/tools/bin/../lib/gcc/arm-none-eabi/7.3.1/thumb/v7e-m/crtbegin.o
                0x0000000008000f58                PROVIDE (__init_array_end = .)
                0x0000000008000f58                . = ALIGN (0x4)

.fini_array     0x0000000008000f58        0x4
                0x0000000008000f58                . = ALIGN (0x4)
                [!provide]                        PROVIDE (__fini_array_start = .)
 *(SORT_BY_NAME(.fini_array.*))
 *(.fini_array*)
 .fini_array    0x0000000008000f58        0x4 c:/st/stm32cubeide_1.3.0/stm32cubeide/plugins/com.st.stm32cube.ide.mcu.externaltools.gnu-tools-for-stm32.7-2018-q2-update.win32_1.0.0.201904181610/tools/bin/../lib/gcc/arm-none-eabi/7.3.1/thumb/v7e-m/crtbegin.o
                [!provide]                        PROVIDE (__fini_array_end = .)
                0x0000000008000f5c                . = ALIGN (0x4)
                0x0000000008000f5c                _sidata = LOADADDR (.data)

.data           0x0000000020000000       0x1c load address 0x0000000008000f5c
                0x0000000020000000                . = ALIGN (0x4)
                0x0000000020000000                _sdata = .
 *(.data)
 *(.data*)
 .data.AHB_Prescalar
                0x0000000020000000       0x12 drivers/src/stm32f446xx_i2c_driver.o
                0x0000000020000000                AHB_Prescalar
 *fill*         0x0000000020000012        0x2 
 .data.APB1_Prescalar
                0x0000000020000014        0x8 drivers/src/stm32f446xx_i2c_driver.o
                0x0000000020000014                APB1_Prescalar
                0x000000002000001c                . = ALIGN (0x4)
                0x000000002000001c                _edata = .

.igot.plt       0x000000002000001c        0x0 load address 0x0000000008000f78
 .igot.plt      0x000000002000001c        0x0 c:/st/stm32cubeide_1.3.0/stm32cubeide/plugins/com.st.stm32cube.ide.mcu.externaltools.gnu-tools-for-stm32.7-2018-q2-update.win32_1.0.0.201904181610/tools/bin/../lib/gcc/arm-none-eabi/7.3.1/thumb/v7e-m/crtbegin.o
                0x000000002000001c                . = ALIGN (0x4)

.bss            0x000000002000001c       0x4c load address 0x0000000008000f78
                0x000000002000001c                _sbss = .
                0x000000002000001c                __bss_start__ = _sbss
 *(.bss)
 .bss           0x000000002000001c       0x1c c:/st/stm32cubeide_1.3.0/stm32cubeide/plugins/com.st.stm32cube.ide.mcu.externaltools.gnu-tools-for-stm32.7-2018-q2-update.win32_1.0.0.201904181610/tools/bin/../lib/gcc/arm-none-eabi/7.3.1/thumb/v7e-m/crtbegin.o
 *(.bss*)
 *(COMMON)
 COMMON         0x0000000020000038       0x2e Src/01I2C_Master_Rx_testing.o
                0x0000000020000038                rcv_buff
                0x0000000020000058                I2C1_Handle
                0x0000000020000064                Command_Code
                0x0000000020000065                len
                0x0000000020000068                . = ALIGN (0x4)
 *fill*         0x0000000020000066        0x2 
                0x0000000020000068                _ebss = .
                0x0000000020000068                __bss_end__ = _ebss

._user_heap_stack
                0x0000000020000068      0x600 load address 0x0000000008000f78
                0x0000000020000068                . = ALIGN (0x8)
                0x0000000020000068                PROVIDE (end = .)
                [!provide]                        PROVIDE (_end = .)
                0x0000000020000268                . = (. + _Min_Heap_Size)
 *fill*         0x0000000020000068      0x200 
                0x0000000020000668                . = (. + _Min_Stack_Size)
 *fill*         0x0000000020000268      0x400 
                0x0000000020000668                . = ALIGN (0x8)

/DISCARD/
 libc.a(*)
 libm.a(*)
 libgcc.a(*)

.ARM.attributes
                0x0000000000000000       0x2a
 *(.ARM.attributes)
 .ARM.attributes
                0x0000000000000000       0x1e c:/st/stm32cubeide_1.3.0/stm32cubeide/plugins/com.st.stm32cube.ide.mcu.externaltools.gnu-tools-for-stm32.7-2018-q2-update.win32_1.0.0.201904181610/tools/bin/../lib/gcc/arm-none-eabi/7.3.1/thumb/v7e-m/crti.o
 .ARM.attributes
                0x000000000000001e       0x2e c:/st/stm32cubeide_1.3.0/stm32cubeide/plugins/com.st.stm32cube.ide.mcu.externaltools.gnu-tools-for-stm32.7-2018-q2-update.win32_1.0.0.201904181610/tools/bin/../lib/gcc/arm-none-eabi/7.3.1/thumb/v7e-m/crtbegin.o
 .ARM.attributes
                0x000000000000004c       0x33 Src/01I2C_Master_Rx_testing.o
 .ARM.attributes
                0x000000000000007f       0x21 Startup/startup_stm32f446retx.o
 .ARM.attributes
                0x00000000000000a0       0x33 drivers/src/stm32f446xx_gpio_driver.o
 .ARM.attributes
                0x00000000000000d3       0x33 drivers/src/stm32f446xx_i2c_driver.o
 .ARM.attributes
                0x0000000000000106       0x2e c:/st/stm32cubeide_1.3.0/stm32cubeide/plugins/com.st.stm32cube.ide.mcu.externaltools.gnu-tools-for-stm32.7-2018-q2-update.win32_1.0.0.201904181610/tools/bin/../lib/gcc/arm-none-eabi/7.3.1/../../../../arm-none-eabi/lib/thumb/v7e-m\libc_nano.a(lib_a-init.o)
 .ARM.attributes
                0x0000000000000134       0x1e c:/st/stm32cubeide_1.3.0/stm32cubeide/plugins/com.st.stm32cube.ide.mcu.externaltools.gnu-tools-for-stm32.7-2018-q2-update.win32_1.0.0.201904181610/tools/bin/../lib/gcc/arm-none-eabi/7.3.1/thumb/v7e-m/crtn.o
OUTPUT(STM32F446RE Driver.elf elf32-littlearm)

.debug_info     0x0000000000000000     0x1af0
 .debug_info    0x0000000000000000      0xbea Src/01I2C_Master_Rx_testing.o
 .debug_info    0x0000000000000bea       0x22 Startup/startup_stm32f446retx.o
 .debug_info    0x0000000000000c0c      0x750 drivers/src/stm32f446xx_gpio_driver.o
 .debug_info    0x000000000000135c      0x794 drivers/src/stm32f446xx_i2c_driver.o

.debug_abbrev   0x0000000000000000      0x583
 .debug_abbrev  0x0000000000000000      0x20c Src/01I2C_Master_Rx_testing.o
 .debug_abbrev  0x000000000000020c       0x12 Startup/startup_stm32f446retx.o
 .debug_abbrev  0x000000000000021e      0x159 drivers/src/stm32f446xx_gpio_driver.o
 .debug_abbrev  0x0000000000000377      0x20c drivers/src/stm32f446xx_i2c_driver.o

.debug_aranges  0x0000000000000000      0x170
 .debug_aranges
                0x0000000000000000       0x40 Src/01I2C_Master_Rx_testing.o
 .debug_aranges
                0x0000000000000040       0x28 Startup/startup_stm32f446retx.o
 .debug_aranges
                0x0000000000000068       0x70 drivers/src/stm32f446xx_gpio_driver.o
 .debug_aranges
                0x00000000000000d8       0x98 drivers/src/stm32f446xx_i2c_driver.o

.debug_ranges   0x0000000000000000      0x138
 .debug_ranges  0x0000000000000000       0x30 Src/01I2C_Master_Rx_testing.o
 .debug_ranges  0x0000000000000030       0x20 Startup/startup_stm32f446retx.o
 .debug_ranges  0x0000000000000050       0x60 drivers/src/stm32f446xx_gpio_driver.o
 .debug_ranges  0x00000000000000b0       0x88 drivers/src/stm32f446xx_i2c_driver.o

.debug_macro    0x0000000000000000     0x230d
 .debug_macro   0x0000000000000000      0x179 Src/01I2C_Master_Rx_testing.o
 .debug_macro   0x0000000000000179      0xa60 Src/01I2C_Master_Rx_testing.o
 .debug_macro   0x0000000000000bd9       0x16 Src/01I2C_Master_Rx_testing.o
 .debug_macro   0x0000000000000bef       0x22 Src/01I2C_Master_Rx_testing.o
 .debug_macro   0x0000000000000c11       0x8e Src/01I2C_Master_Rx_testing.o
 .debug_macro   0x0000000000000c9f       0x51 Src/01I2C_Master_Rx_testing.o
 .debug_macro   0x0000000000000cf0       0xef Src/01I2C_Master_Rx_testing.o
 .debug_macro   0x0000000000000ddf       0x6a Src/01I2C_Master_Rx_testing.o
 .debug_macro   0x0000000000000e49      0x1df Src/01I2C_Master_Rx_testing.o
 .debug_macro   0x0000000000001028      0x174 Src/01I2C_Master_Rx_testing.o
 .debug_macro   0x000000000000119c      0x60c Src/01I2C_Master_Rx_testing.o
 .debug_macro   0x00000000000017a8       0xc4 Src/01I2C_Master_Rx_testing.o
 .debug_macro   0x000000000000186c       0xe8 Src/01I2C_Master_Rx_testing.o
 .debug_macro   0x0000000000001954       0x9b Src/01I2C_Master_Rx_testing.o
 .debug_macro   0x00000000000019ef       0x46 Src/01I2C_Master_Rx_testing.o
 .debug_macro   0x0000000000001a35       0x18 Src/01I2C_Master_Rx_testing.o
 .debug_macro   0x0000000000001a4d       0x3c Src/01I2C_Master_Rx_testing.o
 .debug_macro   0x0000000000001a89       0x34 Src/01I2C_Master_Rx_testing.o
 .debug_macro   0x0000000000001abd       0x52 Src/01I2C_Master_Rx_testing.o
 .debug_macro   0x0000000000001b0f       0x1f Src/01I2C_Master_Rx_testing.o
 .debug_macro   0x0000000000001b2e       0x43 Src/01I2C_Master_Rx_testing.o
 .debug_macro   0x0000000000001b71       0x20 Src/01I2C_Master_Rx_testing.o
 .debug_macro   0x0000000000001b91      0x1a3 Src/01I2C_Master_Rx_testing.o
 .debug_macro   0x0000000000001d34      0x330 Src/01I2C_Master_Rx_testing.o
 .debug_macro   0x0000000000002064       0x10 Src/01I2C_Master_Rx_testing.o
 .debug_macro   0x0000000000002074       0x35 Src/01I2C_Master_Rx_testing.o
 .debug_macro   0x00000000000020a9       0x20 Src/01I2C_Master_Rx_testing.o
 .debug_macro   0x00000000000020c9       0xb6 drivers/src/stm32f446xx_gpio_driver.o
 .debug_macro   0x000000000000217f       0xe2 drivers/src/stm32f446xx_gpio_driver.o
 .debug_macro   0x0000000000002261       0xac drivers/src/stm32f446xx_i2c_driver.o

.debug_line     0x0000000000000000     0x1311
 .debug_line    0x0000000000000000      0x60d Src/01I2C_Master_Rx_testing.o
 .debug_line    0x000000000000060d       0x84 Startup/startup_stm32f446retx.o
 .debug_line    0x0000000000000691      0x652 drivers/src/stm32f446xx_gpio_driver.o
 .debug_line    0x0000000000000ce3      0x62e drivers/src/stm32f446xx_i2c_driver.o

.debug_str      0x0000000000000000     0x9999
 .debug_str     0x0000000000000000     0x945c Src/01I2C_Master_Rx_testing.o
                                       0x96ee (size before relaxing)
 .debug_str     0x000000000000945c       0x31 Startup/startup_stm32f446retx.o
                                         0x65 (size before relaxing)
 .debug_str     0x000000000000948d      0x2ef drivers/src/stm32f446xx_gpio_driver.o
                                       0x68fe (size before relaxing)
 .debug_str     0x000000000000977c      0x21d drivers/src/stm32f446xx_i2c_driver.o
                                       0x6942 (size before relaxing)

.comment        0x0000000000000000       0x7b
 .comment       0x0000000000000000       0x7b Src/01I2C_Master_Rx_testing.o
                                         0x7c (size before relaxing)
 .comment       0x000000000000007b       0x7c drivers/src/stm32f446xx_gpio_driver.o
 .comment       0x000000000000007b       0x7c drivers/src/stm32f446xx_i2c_driver.o

.debug_frame    0x0000000000000000      0x528
 .debug_frame   0x0000000000000000       0xbc Src/01I2C_Master_Rx_testing.o
 .debug_frame   0x00000000000000bc      0x1c8 drivers/src/stm32f446xx_gpio_driver.o
 .debug_frame   0x0000000000000284      0x278 drivers/src/stm32f446xx_i2c_driver.o
 .debug_frame   0x00000000000004fc       0x2c c:/st/stm32cubeide_1.3.0/stm32cubeide/plugins/com.st.stm32cube.ide.mcu.externaltools.gnu-tools-for-stm32.7-2018-q2-update.win32_1.0.0.201904181610/tools/bin/../lib/gcc/arm-none-eabi/7.3.1/../../../../arm-none-eabi/lib/thumb/v7e-m\libc_nano.a(lib_a-init.o)
