ds1307.c:42:9:ds1307_Init	16	static
ds1307.c:67:9:DS1307_Deint	16	static
ds1307.c:90:6:ds1307_set_current_time	24	static
ds1307.c:138:6:ds1307_set_current_date	16	static
ds1307.c:167:6:ds1307_get_current_time	24	static
ds1307.c:218:6:ds1307_get_current_date	16	static
ds1307.c:231:13:ds1307_i2c_pin_config	32	static
ds1307.c:263:13:ds1307_i2c_peripheral_config	8	static
ds1307.c:273:13:ds1307_Write	32	static
ds1307.c:284:16:ds1307_Read	32	static
ds1307.c:294:16:binary_to_bcd	24	static
ds1307.c:311:17:bcd_to_binary	24	static
